// Jest Snapshot v1, https://goo.gl/fbAQLP

exports[`Button component match a snapshot 1`] = `
<button>
  More!
</button>
`;

exports[`Button component match a snapshot with type prop passed 1`] = `
<button>
  More!
</button>
`;
