// Jest Snapshot v1, https://goo.gl/fbAQLP

exports[`Quote component matches a snapshot 1`] = `
<q>
  My Quote
</q>
`;

exports[`Quote component matches a snapshot when name isn't provided 1`] = `
<q>
  My Quote
</q>
`;
